// Jest Snapshot v1, https://goo.gl/fbAQLP

exports[`Button match snapshot 1`] = `
<DocumentFragment>
  <button
    class="sc-bdvvtL jAPvEI"
  >
    Button
  </button>
</DocumentFragment>
`;
