// Jest Snapshot v1, https://goo.gl/fbAQLP

exports[`Dropdown should match snapshot 1`] = `
<select
  name="dropdown"
>
  <option
    value="1"
  >
    Option 1
  </option>
  <option
    value="2"
  >
    Option 2
  </option>
</select>
`;
